# MEAN_SAMPLE_SIZE = 357
# TOTAL_GENES = 33967
# TEST_DIRECTION = one-sided, positive (set), two-sided (covar)
# CONDITIONED_INTERNAL = gene size, gene density, inverse mac, log(gene size), log(gene density), log(inverse mac)
VARIABLE                             TYPE  NGENES         BETA     BETA_STD           SE            P FULL_NAME
ALACAT2-PWY                           SET       7    -0.073185   -0.0010505      0.24191      0.61888 ALACAT2-PWY
ALANINE-DEG3-PWY                      SET       5     -0.03407  -0.00041333      0.28739      0.54718 ALANINE-DEG3-PWY
ALANINE-SYN2-PWY                      SET       5     -0.03407  -0.00041333      0.28739      0.54718 ALANINE-SYN2-PWY
ARG-PRO-PWY                           SET       4     -0.38415   -0.0041685      0.26618      0.92551 ARG-PRO-PWY
ARGASEDEG-PWY                         SET       5     -0.31629   -0.0038372      0.31492      0.84239 ARGASEDEG-PWY
ARGSPECAT-PWY                         SET       7    -0.053989  -0.00077497      0.23118      0.59233 ARGSPECAT-PWY
ARGSYN-PWY                            SET       7      0.13247    0.0019015      0.25783       0.3037 ARGSYN-PWY
ARGSYNBSUB-PWY                        SET      15     0.094456    0.0019845      0.18344      0.30331 ARGSYNBSUB-PWY
ASPARAGINE-BIOSYNTHESIS               SET       4      0.10984    0.0011919      0.40844      0.39399 ASPARAGINE-BIOSYNTHESIS
ASPARAGINE-DEG1-PWY                   SET       9     -0.34193   -0.0055652      0.22064      0.93939 ASPARAGINE-DEG1-PWY
ASPARAGINESYN-PWY                     SET       4      0.10984    0.0011919      0.40844      0.39399 ASPARAGINESYN-PWY
ASPARTATE-DEG1-PWY                    SET       6   -0.0017748  -2.3587e-05      0.25988      0.50272 ASPARTATE-DEG1-PWY
ASPARTATESYN-PWY                      SET       6   -0.0017748  -2.3587e-05      0.25988      0.50272 ASPARTATESYN-PWY
ASPSYNII-PWY                          SET       5      0.17989    0.0021824      0.34783      0.30252 ASPSYNII-PWY
BSUBPOLYAMSYN-PWY                     SET       7     -0.02231  -0.00032024      0.22016      0.54036 BSUBPOLYAMSYN-PWY
CALVIN-PWY                            SET      38    -0.014071  -0.00047039      0.10752      0.55206 CALVIN-PWY
CHLOROPHYLL-SYN                       SET      12     -0.27916   -0.0052463       0.1917      0.92733 CHLOROPHYLL-SYN
CITRULLINE-DEG-PWY                    SET       4    -0.068387  -0.00074209      0.34385      0.57882 CITRULLINE-DEG-PWY
COA-PWY                               SET      11    -0.042801  -0.00077012      0.18812      0.58999 COA-PWY
CYANCAT-PWY                           SET       2    -0.056809  -0.00043591       0.4085       0.5553 CYANCAT-PWY
CYSTSYN-PWY                           SET      15      0.20724    0.0043542      0.17859      0.12294 CYSTSYN-PWY
DETOX1-PWY                            SET      10     0.010603    0.0001819      0.20161      0.47903 DETOX1-PWY
DTDPRHAMSYN-PWY                       SET       3     -0.17917   -0.0016838      0.41903      0.66552 DTDPRHAMSYN-PWY
ETHYL-PWY                             SET      19    -0.038725  -0.00091565      0.15316       0.5998 ETHYL-PWY
FASYN-ELONG-PWY                       SET      12     -0.17618    -0.003311      0.22627       0.7819 FASYN-ELONG-PWY
GALACTMETAB-PWY                       SET       9      0.52151    0.0084881      0.19671    0.0040127 GALACTMETAB-PWY
GLNSYN-PWY                            SET       5    -0.038026  -0.00046134      0.23143      0.56526 GLNSYN-PWY
GLUCONEO-PWY                          SET      56    -0.068256   -0.0027692     0.090005      0.77588 GLUCONEO-PWY
GLUCOSE1PMETAB-PWY                    SET      13     0.030861   0.00060363      0.22526      0.44552 GLUCOSE1PMETAB-PWY
GLUGLNSYN-PWY                         SET       6     0.097461    0.0012952      0.23939      0.34196 GLUGLNSYN-PWY
GLUT-REDOX-PWY                        SET       5      0.12234    0.0014842      0.35707      0.36594 GLUT-REDOX-PWY
GLUTAMATE-DEG1-PWY                    SET       2     -0.16797   -0.0012889      0.44767      0.64624 GLUTAMATE-DEG1-PWY
GLUTAMINDEG-PWY                       SET      34     0.026349   0.00083323      0.12322      0.41534 GLUTAMINDEG-PWY
GLUTATHIONESYN-PWY                    SET       4     -0.15972   -0.0017332      0.37226      0.66606 GLUTATHIONESYN-PWY
GLUTORN-PWY                           SET       9      0.11034    0.0017959      0.23135       0.3167 GLUTORN-PWY
GLYCLEAV-PWY                          SET       8    -0.093933   -0.0014414      0.19954      0.68109 GLYCLEAV-PWY
GLYCOLYSIS                            SET      61     0.027086    0.0011468     0.082782      0.37176 GLYCOLYSIS
GLYOXYLATE-BYPASS                     SET      17     0.019488   0.00043588      0.14387      0.44613 GLYOXYLATE-BYPASS
GLYSYN-ALA-PWY                        SET       5      0.29152    0.0035367      0.27758      0.14681 GLYSYN-ALA-PWY
GLYSYN2-PWY                           SET       9      0.15813    0.0025737      0.24777      0.26167 GLYSYN2-PWY
HEME-BIOSYNTHESIS-II                  SET       9     -0.34748   -0.0056555      0.21306      0.94854 HEME-BIOSYNTHESIS-II
HISTSYN-PWY                           SET      11     -0.11209   -0.0020168      0.19572      0.71658 HISTSYN-PWY
HOMOSER-THRESYN-PWY                   SET       3     -0.19506   -0.0018331      0.37901       0.6966 HOMOSER-THRESYN-PWY
HOMOSERSYN-PWY                        SET       6      0.04077   0.00054182      0.24607       0.4342 HOMOSERSYN-PWY
LEU-DEG2-PWY                          SET      12    -0.045809  -0.00086088      0.19003      0.59525 LEU-DEG2-PWY
LEUSYN-PWY                            SET      10    -0.056445  -0.00096837       0.2153       0.6034 LEUSYN-PWY
LIPAS-PWY                             SET     118     0.051618    0.0030371     0.066673      0.21941 LIPAS-PWY
LIPASYN-PWY                           SET     106     -0.05509   -0.0030727     0.067167      0.79394 LIPASYN-PWY
MANNCAT-PWY                           SET       3       1.0255     0.009637      0.33818    0.0012145 MANNCAT-PWY
MANNOSYL-CHITO-DOLICHOL-BIOS...       SET      23     -0.23259   -0.0060505      0.15042      0.93897 MANNOSYL-CHITO-DOLICHOL-BIOSYNTHESIS
METHIONINE-DEG1-PWY                   SET       4       0.5122     0.005558      0.38597     0.092252 METHIONINE-DEG1-PWY
NAGLIPASYN-PWY                        SET       5      0.28522    0.0034603      0.34004       0.2008 NAGLIPASYN-PWY
NONMEVIPP-PWY                         SET      13      0.10022    0.0019603      0.19675      0.30525 NONMEVIPP-PWY
NONOXIPENT-PWY                        SET      14    -0.025992  -0.00052758      0.16849       0.5613 NONOXIPENT-PWY
OXIDATIVEPENT-PWY                     SET      12      0.38247    0.0071878      0.17036     0.012385 OXIDATIVEPENT-PWY
PANTO-PWY                             SET       6     0.092221    0.0012256      0.28265      0.37211 PANTO-PWY
PHOSLIPSYN2-PWY                       SET       4    -0.044723   -0.0004853      0.33019      0.55387 PHOSLIPSYN2-PWY
POLYAMINSYN3-PWY                      SET       9       0.6014    0.0097883      0.23638    0.0054796 POLYAMINSYN3-PWY
PROSYN-PWY                            SET       4     -0.32197   -0.0034938      0.31883      0.84371 PROSYN-PWY
PROUT-PWY                             SET       4     0.032072   0.00034802      0.41008      0.46883 PROUT-PWY
PWY-1001                              SET      19    -0.030336  -0.00071729      0.15926      0.57553 PWY-1001
PWY-101                               SET      32    -0.051934   -0.0015933      0.12205      0.66477 PWY-101
PWY-1042                              SET      60      0.12586     0.005285     0.079985     0.057805 PWY-1042
PWY-1061                              SET      25      0.13772     0.003735      0.12905      0.14294 PWY-1061
PWY-1121                              SET      67     -0.13242   -0.0058752     0.084436      0.94158 PWY-1121
PWY-116                               SET       6      0.11137    0.0014801      0.26879      0.33932 PWY-116
PWY-1269                              SET       3      0.36735    0.0034522      0.30504      0.11425 PWY-1269
PWY-1422                              SET      13      0.20147    0.0039407      0.17252      0.12145 PWY-1422
PWY-1581                              SET       8      0.09902    0.0015195      0.23242      0.33504 PWY-1581
PWY-1801                              SET       2     -0.74208   -0.0056942      0.57724       0.9007 PWY-1801
PWY-181                               SET      20      0.15206    0.0036888      0.14407      0.14561 PWY-181
PWY-1822                              SET       7     -0.52236   -0.0074981      0.25891      0.97817 PWY-1822
PWY-2                                 SET       2    0.0077688   5.9612e-05      0.45195      0.49314 PWY-2
PWY-2161                              SET       7      0.36217    0.0051987      0.31311       0.1237 PWY-2161
PWY-2161B                             SET       3      0.17435    0.0016385      0.54406      0.37431 PWY-2161B
PWY-2161B-PMN                         SET       5      0.62835    0.0076231      0.44252     0.077819 PWY-2161B-PMN
PWY-2261                              SET      20    -0.018818  -0.00045649      0.15077      0.54966 PWY-2261
PWY-2301                              SET       2    -0.037342  -0.00028654      0.41237      0.53608 PWY-2301
PWY-241                               SET      18     -0.42672   -0.0098207      0.15008      0.99777 PWY-241
PWY-2541                              SET      27      0.03848    0.0010845      0.13215      0.38546 PWY-2541
PWY-2582                              SET       6      0.10485    0.0013934      0.30034      0.36351 PWY-2582
PWY-2681                              SET      21    -0.037721  -0.00093763      0.16015       0.5931 PWY-2681
PWY-2781                              SET       4    -0.011536  -0.00012518      0.30825      0.51493 PWY-2781
PWY-282                               SET      11      0.14803    0.0026636      0.22439      0.25472 PWY-282
PWY-2841                              SET       4      0.79275    0.0086024      0.38287     0.019205 PWY-2841
PWY-2902                              SET      31      0.15546    0.0046943      0.13561      0.12583 PWY-2902
PWY-2981                              SET       6     0.041233   0.00054798      0.26126       0.4373 PWY-2981
PWY-3001                              SET       6   -0.0017748  -2.3587e-05      0.25988      0.50272 PWY-3001
PWY-3101                              SET      33    -0.054691   -0.0017039      0.12699      0.66665 PWY-3101
PWY-3181                              SET      10      -0.1364     -0.00234      0.21336      0.73868 PWY-3181
PWY-321                               SET      56     -0.11406   -0.0046276     0.090512      0.89619 PWY-321
PWY-3261                              SET       4      0.21328    0.0023143      0.34931      0.27075 PWY-3261
PWY-3341                              SET       5     -0.29856   -0.0036222      0.26103      0.87364 PWY-3341
PWY-3385                              SET      12     0.011307   0.00021249       0.1751      0.47426 PWY-3385
PWY-3461                              SET       4      0.23556    0.0025561      0.29898      0.21539 PWY-3461
PWY-3462                              SET       6      0.29609     0.003935       0.2752      0.14099 PWY-3462
PWY-3561                              SET      22    -0.059055   -0.0015025      0.12753      0.67834 PWY-3561
PWY-361                               SET      58    -0.031989   -0.0013208     0.087066      0.64334 PWY-361
PWY-3742                              SET      20     0.027328   0.00066293      0.15438      0.42975 PWY-3742
PWY-3781                              SET     298    -0.043416   -0.0040487     0.039182      0.86608 PWY-3781
PWY-381                               SET       9     0.042682   0.00069468      0.18201       0.4073 PWY-381
PWY-3821                              SET       7      0.84992       0.0122      0.27264   0.00091328 PWY-3821
PWY-3841                              SET      13      0.12073    0.0023614      0.20036       0.2734 PWY-3841
PWY-3881                              SET      11      0.35137    0.0063222       0.2127     0.049279 PWY-3881
PWY-3981                              SET      10      0.46512    0.0079796       0.2234     0.018674 PWY-3981
PWY-3982                              SET       3    -0.084615  -0.00079518      0.43219      0.57761 PWY-3982
PWY-401                               SET       8     -0.18696    -0.002869      0.23377      0.78807 PWY-401
PWY-4041                              SET       3    -0.015468  -0.00014536      0.32114      0.51921 PWY-4041
PWY-4081                              SET      11     -0.15184   -0.0027321      0.20591      0.76956 PWY-4081
PWY-4201                              SET       4      0.14309    0.0015528      0.51534      0.39063 PWY-4201
PWY-4203                              SET      28     -0.20277   -0.0058195      0.14059      0.92539 PWY-4203
PWY-4261                              SET       4     -0.46346   -0.0050292      0.39543      0.87941 PWY-4261
PWY-43                                SET       4     -0.16692   -0.0018113      0.38525      0.66759 PWY-43
PWY-4302                              SET      62    -0.048845    -0.002085     0.088732        0.709 PWY-4302
PWY-4321                              SET      10       -0.175   -0.0030022      0.19488      0.81539 PWY-4321
PWY-4361                              SET      11       0.2915    0.0052449      0.22773      0.10028 PWY-4361
PWY-4381                              SET       2     -0.38345   -0.0029423       0.5133      0.77248 PWY-4381
PWY-4541                              SET       2       1.1476    0.0088058        0.503     0.011263 PWY-4541
PWY-46                                SET       6      0.98705     0.013118      0.32284    0.0011174 PWY-46
PWY-4661                              SET      10    -0.064571   -0.0011078      0.21556      0.61774 PWY-4661
PWY-4821                              SET      11    -0.051208  -0.00092139      0.17962      0.61221 PWY-4821
PWY-4841                              SET       3     -0.17624   -0.0016563      0.39855      0.67083 PWY-4841
PWY-4861                              SET       5     0.022141   0.00026862      0.26649      0.46689 PWY-4861
PWY-4984                              SET       8     0.063515   0.00097465      0.24229      0.39661 PWY-4984
PWY-5027                              SET       4      -0.1432   -0.0015539      0.45038      0.62474 PWY-5027
PWY-5032                              SET       3      0.13482     0.001267      0.34183      0.34664 PWY-5032
PWY-5034                              SET       4    -0.098397   -0.0010677       0.3082      0.62523 PWY-5034
PWY-5035                              SET      10     -0.17875   -0.0030667      0.23467      0.77689 PWY-5035
PWY-5041                              SET       6       0.2425    0.0032227      0.26764      0.18246 PWY-5041
PWY-5046                              SET       9    -0.048092  -0.00078273      0.22331      0.58526 PWY-5046
PWY-5048                              SET      25     0.027911   0.00075695      0.13498      0.41809 PWY-5048
PWY-5059                              SET      20     0.061587     0.001494      0.14823      0.33889 PWY-5059
PWY-5063                              SET       2     0.019329   0.00014831      0.36033      0.47861 PWY-5063
PWY-5068                              SET       7     -0.55963   -0.0080331        0.233      0.99184 PWY-5068
PWY-5070                              SET       6    -0.071748  -0.00095351      0.27262      0.60379 PWY-5070
PWY-5080                              SET      65     0.046719    0.0020418     0.088599      0.29899 PWY-5080
PWY-5083                              SET      52    -0.017301  -0.00067641     0.096241      0.57133 PWY-5083
PWY-5084                              SET       8    -0.027652  -0.00042432      0.22087      0.54981 PWY-5084
PWY-5097                              SET      15     -0.13698   -0.0028779      0.17506      0.78302 PWY-5097
PWY-5098                              SET       9     -0.24245   -0.0039461      0.23072      0.85333 PWY-5098
PWY-5115                              SET       2      0.19681    0.0015102      0.43859      0.32682 PWY-5115
PWY-5120                              SET       6   -0.0091325  -0.00012137      0.27502      0.51324 PWY-5120
PWY-5121                              SET       6   -0.0091325  -0.00012137      0.27502      0.51324 PWY-5121
PWY-5123                              SET       7      0.18809    0.0026999      0.25717      0.23228 PWY-5123
PWY-5125                              SET      13  -0.00045843  -8.9668e-06      0.17279      0.50106 PWY-5125
PWY-5129                              SET      32     0.026307   0.00080709      0.13254      0.42133 PWY-5129
PWY-5136                              SET      15      0.16024    0.0033666      0.15766      0.15474 PWY-5136
PWY-5137                              SET       6       0.3144    0.0041782      0.24552      0.10018 PWY-5137
PWY-5138                              SET      12      0.11344    0.0021318      0.18245      0.26706 PWY-5138
PWY-5139                              SET       3      0.17588    0.0016529      0.35962      0.31239 PWY-5139
PWY-5142                              SET       9     -0.25472   -0.0041458       0.2335      0.86234 PWY-5142
PWY-5143                              SET      18     -0.14673   -0.0033769       0.1646      0.81364 PWY-5143
PWY-5147                              SET      42    -0.021913  -0.00077007        0.105      0.58266 PWY-5147
PWY-5148                              SET      11     -0.32991    -0.005936      0.20296      0.94797 PWY-5148
PWY-5172                              SET       3     -0.44697   -0.0042005      0.47672      0.82577 PWY-5172
PWY-5173                              SET       3     -0.44697   -0.0042005      0.47672      0.82577 PWY-5173
PWY-5176                              SET       6      0.11137    0.0014801      0.26879      0.33932 PWY-5176
PWY-5188                              SET       7    -0.037515   -0.0005385      0.29232      0.55106 PWY-5188
PWY-5194                              SET       2       0.7444     0.005712      0.44036     0.045479 PWY-5194
PWY-5269                              SET       3      -0.1337   -0.0012565        0.337      0.65422 PWY-5269
PWY-5326                              SET       2     -0.97887   -0.0075111      0.51149      0.97217 PWY-5326
PWY-5337                              SET      11     -0.30753   -0.0055334      0.21444      0.92422 PWY-5337
PWY-5340                              SET       7    -0.030792    -0.000442      0.26195      0.54679 PWY-5340
PWY-5350                              SET       6     -0.38773   -0.0051528      0.25841      0.93325 PWY-5350
PWY-5398                              SET       8     -0.12833   -0.0019692      0.24536      0.69952 PWY-5398
PWY-5410                              SET      20     -0.17315   -0.0042004      0.16129      0.85849 PWY-5410
PWY-5434                              SET       5      0.17638    0.0021398      0.35093      0.30763 PWY-5434
PWY-5441                              SET       5    -0.051017  -0.00061893       0.3111      0.56513 PWY-5441
PWY-5453                              SET       9    -0.037897  -0.00061681      0.22819      0.56595 PWY-5453
PWY-5466                              SET       4     -0.25729   -0.0027919      0.39798      0.74101 PWY-5466
PWY-5481                              SET       2     0.057784   0.00044339      0.39807      0.44229 PWY-5481
PWY-5486                              SET      15       0.1039    0.0021828      0.19277      0.29496 PWY-5486
PWY-5659                              SET      12      0.57695     0.010843      0.23563    0.0071741 PWY-5659
PWY-5667                              SET      29     0.042543    0.0012426      0.12285      0.36456 PWY-5667
PWY-5669                              SET       3    -0.035804  -0.00033648      0.40454      0.53526 PWY-5669
PWY-5670                              SET       2      0.16488    0.0012652      0.56307      0.38483 PWY-5670
PWY-5686                              SET      11      0.21837    0.0039291      0.19381      0.12993 PWY-5686
PWY-5687                              SET      33    -0.093166   -0.0029025      0.12206      0.77735 PWY-5687
PWY-5690                              SET      29     0.055335    0.0016162      0.12265      0.32594 PWY-5690
PWY-5691                              SET       2    -0.049991   -0.0003836      0.41065      0.54845 PWY-5691
PWY-5692                              SET       2     -0.54879    -0.004211      0.38001      0.92564 PWY-5692
PWY-5698                              SET       3     -0.19131   -0.0017978      0.33152      0.71805 PWY-5698
PWY-5723                              SET      38     0.027533   0.00092042      0.10173      0.39333 PWY-5723
PWY-5745                              SET       4     -0.37063   -0.0040219      0.33477      0.86587 PWY-5745
PWY-5800                              SET      27     -0.24177   -0.0068138      0.15995      0.93467 PWY-5800
PWY-5805                              SET       4     -0.40726   -0.0044193      0.31166      0.90434 PWY-5805
PWY-5807                              SET       5     -0.31054   -0.0037674      0.24636      0.89625 PWY-5807
PWY-5829                              SET       8      0.15881     0.002437      0.26071      0.27121 PWY-5829
PWY-5837                              SET      10       -0.195   -0.0033454      0.18507      0.85398 PWY-5837
PWY-5859                              SET       7     -0.47119   -0.0067636      0.30997      0.93575 PWY-5859
PWY-5863                              SET       8    0.0013441   2.0626e-05      0.21858      0.49755 PWY-5863
PWY-5864                              SET       6      -0.1113   -0.0014791      0.23023       0.6856 PWY-5864
PWY-5886                              SET       2      0.24415    0.0018735      0.34155      0.23736 PWY-5886
PWY-5905                              SET       4      0.31235    0.0033894      0.31849      0.16337 PWY-5905
PWY-5910                              SET       6   -0.0091325  -0.00012137      0.27502      0.51324 PWY-5910
PWY-5912                              SET      29      0.03998    0.0011677      0.13738      0.38552 PWY-5912
PWY-5921                              SET      34     0.026349   0.00083323      0.12322      0.41534 PWY-5921
PWY-5925                              SET       8      0.12101    0.0018569      0.27516      0.33005 PWY-5925
PWY-5934                              SET       2     -0.52569   -0.0040338       0.5766      0.81904 PWY-5934
PWY-5936                              SET      52     -0.11119   -0.0043471       0.1072      0.85017 PWY-5936
PWY-5945                              SET       7      0.25261     0.003626      0.24452      0.15079 PWY-5945
PWY-5947                              SET       3     0.017434   0.00016384      0.37483      0.48145 PWY-5947
PWY-5957                              SET       2      0.36177    0.0027759      0.55004      0.25537 PWY-5957
PWY-5968                              SET       7      0.11475    0.0016471      0.23872      0.31538 PWY-5968
PWY-5971                              SET      43     -0.16662   -0.0059245      0.10958       0.9358 PWY-5971
PWY-5976                              SET       9      0.29087    0.0047341      0.24666      0.11916 PWY-5976
PWY-5980                              SET      23     -0.12102   -0.0031482      0.13979      0.80668 PWY-5980
PWY-5987                              SET      22    0.0043857   0.00011158      0.16282      0.48926 PWY-5987
PWY-5989                              SET      38     -0.18643   -0.0062322       0.1179      0.94308 PWY-5989
PWY-5997                              SET       2    0.0077745   5.9656e-05      0.58407      0.49469 PWY-5997
PWY-6                                 SET       2    -0.053703  -0.00041208      0.38004      0.55619 PWY-6
PWY-6012                              SET       3    -0.014468  -0.00013597      0.41566      0.51388 PWY-6012
PWY-6014                              SET      12      0.20169    0.0037903      0.19862      0.15495 PWY-6014
PWY-6019                              SET       2    -0.072181  -0.00055387      0.41372      0.56925 PWY-6019
PWY-6030                              SET      10     -0.16329   -0.0028014      0.24009      0.75178 PWY-6030
PWY-6039                              SET      35     -0.15808   -0.0050717      0.11374      0.91769 PWY-6039
PWY-6040                              SET      23     -0.25421   -0.0066128      0.14471      0.96051 PWY-6040
PWY-6066                              SET       3      0.53469    0.0050248      0.34835     0.062408 PWY-6066
PWY-6115                              SET      12     -0.15632   -0.0029378      0.22268      0.75866 PWY-6115
PWY-6118                              SET       8       0.0843    0.0012936      0.27114      0.37794 PWY-6118
PWY-6120                              SET       5      0.29095    0.0035298       0.3147       0.1776 PWY-6120
PWY-6121                              SET      11      -0.1638   -0.0029472      0.20088      0.79258 PWY-6121
PWY-6124                              SET       6     -0.23907   -0.0031772      0.24083      0.83957 PWY-6124
PWY-6147                              SET       5    -0.089457   -0.0010853      0.29424      0.61945 PWY-6147
PWY-6163                              SET       7      0.36415    0.0052271      0.25668     0.077997 PWY-6163
PWY-6164                              SET       5    -0.056185  -0.00068163      0.26419      0.58421 PWY-6164
PWY-621                               SET       9     0.060568   0.00098579      0.22445      0.39364 PWY-621
PWY-6219                              SET       8      0.11941    0.0018323      0.21824      0.29214 PWY-6219
PWY-622                               SET      22     0.033938   0.00086345      0.14474      0.40731 PWY-622
PWY-6233                              SET       5       0.1913    0.0023209      0.33592      0.28452 PWY-6233
PWY-6235                              SET       3      0.03476   0.00032666      0.27869      0.45037 PWY-6235
PWY-6275                              SET      16     -0.07537   -0.0016354       0.1738      0.66773 PWY-6275
PWY-6290                              SET       2      0.48425    0.0037158       0.4525      0.14228 PWY-6290
PWY-63                                SET       3      0.26247    0.0024666      0.36432      0.23563 PWY-63
PWY-6330                              SET       4      -0.7867   -0.0085367      0.42514      0.96787 PWY-6330
PWY-6333                              SET      11      0.33427    0.0060146      0.21624     0.061081 PWY-6333
PWY-6348                              SET      33     -0.14903   -0.0046429      0.12143      0.89013 PWY-6348
PWY-6351                              SET      31    -0.090951   -0.0027464      0.12361      0.76907 PWY-6351
PWY-6352                              SET      42     0.042125    0.0014804      0.10812      0.34841 PWY-6352
PWY-6360                              SET      23      0.11082    0.0028828      0.14914      0.22872 PWY-6360
PWY-6363                              SET       7     -0.27344    -0.003925      0.22889      0.88388 PWY-6363
PWY-6367                              SET       8     -0.21732   -0.0033348      0.25718      0.80094 PWY-6367
PWY-6369                              SET       3      0.12229    0.0011493      0.40858      0.38235 PWY-6369
PWY-641                               SET       7     0.099898     0.001434      0.23314      0.33415 PWY-641
PWY-6440                              SET       2     0.018897     0.000145      0.39205      0.48078 PWY-6440
PWY-6441                              SET       8      0.13659    0.0020961      0.23649      0.28178 PWY-6441
PWY-6443                              SET     104     0.011919   0.00065851      0.07375      0.43581 PWY-6443
PWY-6457                              SET       9     -0.42572   -0.0069288      0.30204      0.92064 PWY-6457
PWY-6465                              SET      13     -0.18689   -0.0036555      0.18303      0.84638 PWY-6465
PWY-6466                              SET       2      0.30448    0.0023363      0.46697      0.25719 PWY-6466
PWY-6468                              SET       2       0.4358     0.003344      0.42349      0.15173 PWY-6468
PWY-6473                              SET       4     -0.64387   -0.0069868      0.30985      0.98114 PWY-6473
PWY-6475                              SET      11    -0.068923   -0.0012401      0.20743      0.63016 PWY-6475
PWY-6483                              SET       7     -0.71853    -0.010314      0.31944      0.98775 PWY-6483
PWY-6498                              SET       3      0.54234    0.0050967      0.45066      0.11441 PWY-6498
PWY-6515                              SET       3       0.1211    0.0011381      0.32962      0.35666 PWY-6515
PWY-6527                              SET      11       0.4821    0.0086744      0.18687    0.0049443 PWY-6527
PWY-6535                              SET       4     -0.64387   -0.0069868      0.30985      0.98114 PWY-6535
PWY-6540                              SET       5      -0.1187   -0.0014401      0.29375      0.65693 PWY-6540
PWY-6543                              SET       5      0.23765    0.0028831       0.3201      0.22892 PWY-6543
PWY-6546                              SET      23    -0.066104   -0.0017196      0.16206      0.65832 PWY-6546
PWY-6549                              SET      26     -0.19057   -0.0052705      0.11333      0.95366 PWY-6549
PWY-6554                              SET       8      0.26805    0.0041133      0.24445      0.13643 PWY-6554
PWY-6556                              SET       4     -0.19776    -0.002146      0.49484      0.65529 PWY-6556
PWY-6577                              SET       5   -0.0020271  -2.4592e-05      0.27922       0.5029 PWY-6577
PWY-6596                              SET      19     -0.14035   -0.0033185      0.14989      0.82545 PWY-6596
PWY-66                                SET       5     -0.10904   -0.0013228      0.34595      0.62369 PWY-66
PWY-6605                              SET       8      0.39964    0.0061326      0.24578      0.05198 PWY-6605
PWY-6606                              SET      13     -0.27483   -0.0053756      0.17556      0.94125 PWY-6606
PWY-6607                              SET       9      -0.2632   -0.0042838      0.20457      0.90088 PWY-6607
PWY-6613                              SET       4      0.29934    0.0032482      0.33938      0.18888 PWY-6613
PWY-6619                              SET       2      0.24173    0.0018549      0.56462      0.33428 PWY-6619
PWY-6663                              SET      28     -0.10648   -0.0030559      0.13744      0.78074 PWY-6663
PWY-6665                              SET      28      0.35676     0.010239      0.14552    0.0071135 PWY-6665
PWY-6673                              SET       5     -0.52712   -0.0063951      0.39208      0.91059 PWY-6673
PWY-6710                              SET      12      0.20169    0.0037903      0.19862      0.15495 PWY-6710
PWY-6717                              SET      25     -0.11952   -0.0032414      0.13263      0.81625 PWY-6717
PWY-6733                              SET      62     -0.11133   -0.0047521     0.089302      0.89374 PWY-6733
PWY-6745                              SET       4      0.17518    0.0019009      0.28376       0.2685 PWY-6745
PWY-6752                              SET       8      0.37142    0.0056995      0.24939     0.068211 PWY-6752
PWY-6754                              SET       6      0.16963    0.0022544       0.2974      0.28421 PWY-6754
PWY-6762                              SET       7     0.083268    0.0011953      0.24405      0.36648 PWY-6762
PWY-6773                              SET      14      0.12217    0.0024798      0.17724      0.24532 PWY-6773
PWY-6786                              SET      12    -0.076133   -0.0014308      0.20793      0.64287 PWY-6786
PWY-6801                              SET      20     -0.47273    -0.011468       0.1659      0.99781 PWY-6801
PWY-6803                              SET      99    -0.049985   -0.0026946     0.070031      0.76231 PWY-6803
PWY-6814                              SET      43       -0.096   -0.0034136      0.11612       0.7958 PWY-6814
PWY-6823                              SET      15     0.067537     0.001419      0.16667      0.34266 PWY-6823
PWY-6837                              SET       7      0.31661    0.0045447      0.24112     0.094582 PWY-6837
PWY-6908                              SET       8    -0.023284   -0.0003573      0.22862      0.54056 PWY-6908
PWY-6922                              SET       7   -0.0044098    -6.33e-05      0.24224      0.50726 PWY-6922
PWY-6927                              SET      14      -0.2308   -0.0046848       0.1827      0.89675 PWY-6927
PWY-6949                              SET      39    -0.040426   -0.0013691      0.11571      0.63659 PWY-6949
PWY-695                               SET       9      0.17443     0.002839      0.23662      0.23051 PWY-695
PWY-6950                              SET       4     -0.57758   -0.0062675      0.29894      0.97332 PWY-6950
PWY-6959                              SET       9      0.14835    0.0024146      0.21211      0.24215 PWY-6959
PWY-6963                              SET      11     0.027422    0.0004934      0.16637      0.43454 PWY-6963
PWY-6964                              SET       6    -0.063702  -0.00084659      0.22459      0.61166 PWY-6964
PWY-699                               SET       7      0.17796    0.0025545      0.27997      0.26251 PWY-699
PWY-701                               SET       2      0.16008    0.0012284      0.51823       0.3787 PWY-701
PWY-702                               SET       4     -0.47007   -0.0051008      0.29081      0.94699 PWY-702
PWY-7029                              SET       2    -0.075383  -0.00057843      0.38142      0.57833 PWY-7029
PWY-7039                              SET      39     -0.13745    -0.004655      0.10199      0.91113 PWY-7039
PWY-7060                              SET      10    -0.078433   -0.0013456      0.18335      0.66559 PWY-7060
PWY-7101                              SET       9       0.5388    0.0087694      0.20789    0.0047775 PWY-7101
PWY-7120                              SET       5     -0.32258   -0.0039135      0.26956      0.88428 PWY-7120
PWY-7141                              SET       7      0.29481    0.0042318      0.36027      0.20659 PWY-7141
PWY-7176                              SET      12    -0.044896  -0.00084372      0.21433      0.58296 PWY-7176
PWY-7183                              SET       6     -0.15621    -0.002076       0.2439      0.73907 PWY-7183
PWY-7184                              SET      42      -0.1299    -0.004565      0.10245      0.89758 PWY-7184
PWY-7185                              SET      26     -0.27862   -0.0077057      0.13096       0.9833 PWY-7185
PWY-7186                              SET      11    -0.032967  -0.00059317      0.19719      0.56639 PWY-7186
PWY-7187                              SET      17    -0.015257  -0.00034124      0.16224      0.53746 PWY-7187
PWY-7193                              SET      11      -0.1105   -0.0019882      0.19284      0.71668 PWY-7193
PWY-7196                              SET       6     -0.15621    -0.002076       0.2439      0.73907 PWY-7196
PWY-7197                              SET       8     -0.17185    -0.002637      0.23248       0.7701 PWY-7197
PWY-7199                              SET       8     -0.25129   -0.0038561      0.24298      0.84947 PWY-7199
PWY-7204                              SET      12      0.23626    0.0044399      0.18489      0.10066 PWY-7204
PWY-7205                              SET      10     -0.05044  -0.00086535       0.2163       0.5922 PWY-7205
PWY-7206                              SET      16     0.098761     0.002143      0.16542      0.27524 PWY-7206
PWY-7208                              SET       6     -0.15621    -0.002076       0.2439      0.73907 PWY-7208
PWY-7219                              SET      14     -0.28089   -0.0057015      0.18197      0.93865 PWY-7219
PWY-7221                              SET       5     0.084168    0.0010211      0.27223      0.37859 PWY-7221
PWY-7224                              SET       9    -0.074487   -0.0012123      0.21478      0.63563 PWY-7224
PWY-7226                              SET       6     -0.12534   -0.0016657       0.2659      0.68131 PWY-7226
PWY-7227                              SET       6     -0.12534   -0.0016657       0.2659      0.68131 PWY-7227
PWY-7252                              SET      31    -0.056872   -0.0017174      0.13379      0.66461 PWY-7252
PWY-7253                              SET      31    -0.056872   -0.0017174      0.13379      0.66461 PWY-7253
PWY-7270                              SET       7    -0.003998  -5.7388e-05      0.26717      0.50597 PWY-7270
PWY-7343                              SET       8       0.1494    0.0022925      0.21731      0.24589 PWY-7343
PWY-7344                              SET       4      0.89657     0.009729      0.33321    0.0035671 PWY-7344
PWY-7346                              SET       3     -0.27335   -0.0025688      0.35374      0.78016 PWY-7346
PWY-735                               SET      32      0.12264    0.0037626      0.13135      0.17524 PWY-735
PWY-7388                              SET      18     0.065511    0.0015077      0.17696      0.35561 PWY-7388
PWY-7411                              SET      32      0.11212    0.0034397      0.12012      0.17533 PWY-7411
PWY-7436                              SET       9      0.10099    0.0016437      0.19334      0.30071 PWY-7436
PWY-7458                              SET       7      0.13751    0.0019739      0.24352      0.28615 PWY-7458
PWY-7464                              SET       7      0.13751    0.0019739      0.24352      0.28615 PWY-7464
PWY-7477                              SET       4      0.19666     0.002134      0.37165      0.29835 PWY-7477
PWY-7478                              SET       6      -0.1961   -0.0026061      0.27748      0.76013 PWY-7478
PWY-7484                              SET      10     0.055865   0.00095841      0.21433      0.39718 PWY-7484
PWY-7489                              SET       2      0.26073    0.0020006      0.52018      0.30811 PWY-7489
PWY-7528                              SET       3      0.55014      0.00517       0.3906     0.079507 PWY-7528
PWY-7546                              SET       7     -0.35561   -0.0051045       0.3154      0.87022 PWY-7546
PWY-7560                              SET      14      0.11093    0.0022517      0.19187      0.28158 PWY-7560
PWY-7590                              SET       2    0.0077745   5.9656e-05      0.58407      0.49469 PWY-7590
PWY-762                               SET       2     -0.72076   -0.0055306      0.46158      0.94079 PWY-762
PWY-7634                              SET      12      0.20169    0.0037903      0.19862      0.15495 PWY-7634
PWY-7856                              SET       2     0.031828   0.00024422       0.3852      0.46707 PWY-7856
PWY-7859                              SET      17     -0.10325   -0.0023093      0.14142      0.76733 PWY-7859
PWY-7897                              SET      37     0.028392   0.00093657      0.11675      0.40393 PWY-7897
PWY-7909                              SET       4      0.09491    0.0010299      0.31029      0.37985 PWY-7909
PWY-7995                              SET      24     -0.12034   -0.0031976      0.14546      0.79596 PWY-7995
PWY-8001                              SET       3     -0.35066   -0.0032954      0.33141      0.85499 PWY-8001
PWY-8011                              SET       9      0.14869    0.0024201      0.24802      0.27441 PWY-8011
PWY-8027                              SET       2     -0.18223   -0.0013983      0.51708      0.63774 PWY-8027
PWY-8028                              SET       7     -0.59664   -0.0085643      0.29822      0.97728 PWY-8028
PWY-82                                SET       3      0.19583    0.0018404      0.44804      0.33103 PWY-82
PWY-84                                SET       2      0.53224     0.004084      0.44605       0.1164 PWY-84
PWY-861                               SET      25   -0.0075269  -0.00020413      0.13886      0.52161 PWY-861
PWY-882                               SET      24      0.43802     0.011639      0.14974    0.0017231 PWY-882
PWY-922                               SET      15     0.065409    0.0013743      0.16988      0.35011 PWY-922
PWY0-1021                             SET       8      0.18642    0.0028607      0.24351      0.22197 PWY0-1021
PWY0-1264                             SET       5       0.4128    0.0050081      0.31363     0.094056 PWY0-1264
PWY0-1319                             SET      21      0.04455    0.0011074      0.14578      0.37996 PWY0-1319
PWY0-1325                             SET       4      0.10984    0.0011919      0.40844      0.39399 PWY0-1325
PWY0-1507                             SET       7  -0.00018558  -2.6638e-06      0.27451      0.50027 PWY0-1507
PWY0-1535                             SET       2     -0.48084   -0.0036896      0.36517      0.90603 PWY0-1535
PWY0-166                              SET      28    -0.091899   -0.0026375      0.12315      0.77224 PWY0-166
PWY0-501                              SET       5      0.05822   0.00070632      0.25971      0.41131 PWY0-501
PWY0-662                              SET       5      0.66605    0.0080805      0.34257     0.025936 PWY0-662
PWY0A-6303                            SET       6      0.19002    0.0025254      0.27601      0.24558 PWY0A-6303
PWY18C3-22                            SET       4    -0.083369  -0.00090467      0.46058      0.57182 PWY18C3-22
PWY1F-353                             SET       3     0.093249   0.00087632       0.3718      0.40098 PWY1F-353
PWY1F-467                             SET      11     -0.58713    -0.010564      0.27085      0.98491 PWY1F-467
PWY1F-FLAVSYN                         SET      52     0.055889    0.0021851     0.096497      0.28124 PWY1F-FLAVSYN
PWY3O-4107                            SET      11     0.018484   0.00033259      0.18906      0.46106 PWY3O-4107
PWY3O-450                             SET       6     -0.12457   -0.0016555      0.25425      0.68791 PWY3O-450
PWY4FS-10                             SET       6      0.11137    0.0014801      0.26879      0.33932 PWY4FS-10
PWY4FS-2                              SET      13    -0.012014  -0.00023498      0.16955      0.52824 PWY4FS-2
PWY4FS-3                              SET       8     0.031801   0.00048799      0.21848      0.44214 PWY4FS-3
PWY4FS-4                              SET       7     0.078126    0.0011214      0.22753      0.36566 PWY4FS-4
PWY4FS-6                              SET       9     0.016184   0.00026341      0.19592      0.46708 PWY4FS-6
PWY4FS-7                              SET       2     -0.10006   -0.0007678      0.42739      0.59255 PWY4FS-7
PWY4FS-8                              SET       2     -0.10006   -0.0007678      0.42739      0.59255 PWY4FS-8
PWY4LZ-81                             SET      20    -0.056646   -0.0013742      0.13132       0.6669 PWY4LZ-81
PWY66-423                             SET       2     0.090847   0.00069709       0.4997      0.42787 PWY66-423
PWYDQC-4                              SET      15    -0.054964   -0.0011548      0.17643       0.6223 PWYDQC-4
PWYIO2-7                              SET      53      0.03735    0.0014742     0.090474      0.33987 PWYIO2-7
PWYQT-1                               SET       4     0.053729   0.00058303      0.26189      0.41873 PWYQT-1
PWYQT-4427                            SET       4      0.23063    0.0025026      0.32284       0.2375 PWYQT-4427
PWYQT-4429                            SET       7     -0.55095   -0.0079085      0.23753      0.98981 PWYQT-4429
PWYQT-4445                            SET      15     -0.21025   -0.0044174      0.16102      0.90418 PWYQT-4445
PWYQT-4449                            SET       5     -0.18319   -0.0022225      0.26815      0.75275 PWYQT-4449
PWYQT-94                              SET       2    -0.040505  -0.00031081      0.59992      0.52692 PWYQT-94
PYRIDNUCSYN-PWY                       SET       5     0.028698   0.00034816      0.30043      0.46195 PYRIDNUCSYN-PWY
PYRUVDEHYD-PWY                        SET      18     -0.15085   -0.0034717      0.13483      0.86838 PYRUVDEHYD-PWY
RIBOSYN2-PWY                          SET      21      0.11353    0.0028221      0.14158      0.21131 RIBOSYN2-PWY
SAM-PWY                               SET       3      0.55014      0.00517       0.3906     0.079507 SAM-PWY
SERSYN-PWY                            SET       6     -0.16348   -0.0021726      0.26033      0.73498 SERSYN-PWY
SUCSYN-PWY                            SET      33    -0.041183    -0.001283      0.11861      0.63578 SUCSYN-PWY
SULFMETII-PWY                         SET       5     0.016659   0.00020211      0.34853      0.48094 SULFMETII-PWY
THIOREDOX-PWY                         SET      20     -0.10417   -0.0025269      0.14809       0.7591 THIOREDOX-PWY
THRESYN-PWY                           SET       6   -0.0017748  -2.3587e-05      0.25988      0.50272 THRESYN-PWY
TRIGLSYN-PWY                          SET      53      0.03735    0.0014742     0.090474      0.33987 TRIGLSYN-PWY
TRPSYN-PWY                            SET      17     -0.24082   -0.0053863      0.18049      0.90893 TRPSYN-PWY
TYRFUMCAT-PWY                         SET       8      0.15464     0.002373      0.21921      0.24027 TYRFUMCAT-PWY
UDPNACETYLGALSYN-PWY                  SET      10     0.061576    0.0010564      0.23504      0.39667 UDPNACETYLGALSYN-PWY
VALDEG-PWY                            SET       6      0.12719    0.0016903      0.27857      0.32399 VALDEG-PWY
VALSYN-PWY                            SET       6      0.25098    0.0033354      0.27684      0.18232 VALSYN-PWY
